// Jest Snapshot v1, https://goo.gl/fbAQLP

exports[`components/Metadata data: "foo@bar.com" 1`] = `null`;
